

================================================================
== Vivado HLS Report for 'distFloat'
================================================================
* Date:           Tue May 19 11:04:46 2020

* Version:        2019.2 (Build 2704478 on Wed Nov 06 22:10:23 MST 2019)
* Project:        Math
* Solution:       solution2
* Product family: virtex7
* Target device:  xc7vx485t-ffg1157-1


================================================================
== Performance Estimates
================================================================
+ Timing: 
    * Summary: 
    +--------+----------+----------+------------+
    |  Clock |  Target  | Estimated| Uncertainty|
    +--------+----------+----------+------------+
    |ap_clk  | 10.00 ns | 8.750 ns |   1.25 ns  |
    +--------+----------+----------+------------+

+ Latency: 
    * Summary: 
    +---------+---------+----------+----------+-----+-----+---------+
    |  Latency (cycles) |  Latency (absolute) |  Interval | Pipeline|
    |   min   |   max   |    min   |    max   | min | max |   Type  |
    +---------+---------+----------+----------+-----+-----+---------+
    |       69|       69| 0.690 us | 0.690 us |   69|   69|   none  |
    +---------+---------+----------+----------+-----+-----+---------+

    + Detail: 
        * Instance: 
        +--------------------------------+----------------------+---------+---------+----------+----------+-----+-----+----------+
        |                                |                      |  Latency (cycles) |  Latency (absolute) |  Interval | Pipeline |
        |            Instance            |        Module        |   min   |   max   |    min   |    max   | min | max |   Type   |
        +--------------------------------+----------------------+---------+---------+----------+----------+-----+-----+----------+
        |grp_pow_generic_double_s_fu_70  |pow_generic_double_s  |       37|       37| 0.370 us | 0.370 us |    1|    1| function |
        |grp_pow_generic_double_s_fu_99  |pow_generic_double_s  |       37|       37| 0.370 us | 0.370 us |    1|    1| function |
        +--------------------------------+----------------------+---------+---------+----------+----------+-----+-----+----------+

        * Loop: 
        N/A



================================================================
== Utilization Estimates
================================================================
* Summary: 
+-----------------+---------+-------+--------+--------+-----+
|       Name      | BRAM_18K| DSP48E|   FF   |   LUT  | URAM|
+-----------------+---------+-------+--------+--------+-----+
|DSP              |        -|      -|       -|       -|    -|
|Expression       |        -|      -|       -|       -|    -|
|FIFO             |        -|      -|       -|       -|    -|
|Instance         |       96|    147|   25890|   17632|    -|
|Memory           |        -|      -|       -|       -|    -|
|Multiplexer      |        -|      -|       -|     317|    -|
|Register         |        -|      -|     456|       -|    -|
+-----------------+---------+-------+--------+--------+-----+
|Total            |       96|    147|   26346|   17949|    0|
+-----------------+---------+-------+--------+--------+-----+
|Available        |     2060|   2800|  607200|  303600|    0|
+-----------------+---------+-------+--------+--------+-----+
|Utilization (%)  |        4|      5|       4|       5|    0|
+-----------------+---------+-------+--------+--------+-----+

+ Detail: 
    * Instance: 
    +--------------------------------+----------------------+---------+-------+-------+------+-----+
    |            Instance            |        Module        | BRAM_18K| DSP48E|   FF  |  LUT | URAM|
    +--------------------------------+----------------------+---------+-------+-------+------+-----+
    |distFloat_dadd_64Aem_U40        |distFloat_dadd_64Aem  |        0|      3|    445|   781|    0|
    |distFloat_dsqrt_6Bew_U41        |distFloat_dsqrt_6Bew  |        0|      0|   1303|  1919|    0|
    |distFloat_fpext_3zec_U38        |distFloat_fpext_3zec  |        0|      0|    100|   139|    0|
    |distFloat_fpext_3zec_U39        |distFloat_fpext_3zec  |        0|      0|    100|   139|    0|
    |distFloat_fsub_32yd2_U36        |distFloat_fsub_32yd2  |        0|      2|    227|   214|    0|
    |distFloat_fsub_32yd2_U37        |distFloat_fsub_32yd2  |        0|      2|    227|   214|    0|
    |grp_pow_generic_double_s_fu_70  |pow_generic_double_s  |       48|     70|  11744|  7113|    0|
    |grp_pow_generic_double_s_fu_99  |pow_generic_double_s  |       48|     70|  11744|  7113|    0|
    +--------------------------------+----------------------+---------+-------+-------+------+-----+
    |Total                           |                      |       96|    147|  25890| 17632|    0|
    +--------------------------------+----------------------+---------+-------+-------+------+-----+

    * DSP48E: 
    N/A

    * Memory: 
    N/A

    * FIFO: 
    N/A

    * Expression: 
    N/A

    * Multiplexer: 
    +-----------+-----+-----------+-----+-----------+
    |    Name   | LUT | Input Size| Bits| Total Bits|
    +-----------+-----+-----------+-----+-----------+
    |ap_NS_fsm  |  317|         71|    1|         71|
    +-----------+-----+-----------+-----+-----------+
    |Total      |  317|         71|    1|         71|
    +-----------+-----+-----------+-----+-----------+

    * Register: 
    +---------------------------------------------+----+----+-----+-----------+
    |                     Name                    | FF | LUT| Bits| Const Bits|
    +---------------------------------------------+----+----+-----+-----------+
    |ap_CS_fsm                                    |  70|   0|   70|          0|
    |grp_pow_generic_double_s_fu_70_ap_start_reg  |   1|   0|    1|          0|
    |grp_pow_generic_double_s_fu_99_ap_start_reg  |   1|   0|    1|          0|
    |tmp_i1_reg_200                               |  64|   0|   64|          0|
    |tmp_i_reg_195                                |  64|   0|   64|          0|
    |tmp_reg_175                                  |  32|   0|   32|          0|
    |tmp_s_reg_180                                |  32|   0|   32|          0|
    |x_assign_1_reg_190                           |  64|   0|   64|          0|
    |x_assign_2_reg_205                           |  64|   0|   64|          0|
    |x_assign_reg_185                             |  64|   0|   64|          0|
    +---------------------------------------------+----+----+-----+-----------+
    |Total                                        | 456|   0|  456|          0|
    +---------------------------------------------+----+----+-----+-----------+



================================================================
== Interface
================================================================
* Summary: 
+-----------+-----+-----+------------+--------------+--------------+
| RTL Ports | Dir | Bits|  Protocol  | Source Object|    C Type    |
+-----------+-----+-----+------------+--------------+--------------+
|ap_clk     |  in |    1| ap_ctrl_hs |   distFloat  | return value |
|ap_rst     |  in |    1| ap_ctrl_hs |   distFloat  | return value |
|ap_start   |  in |    1| ap_ctrl_hs |   distFloat  | return value |
|ap_done    | out |    1| ap_ctrl_hs |   distFloat  | return value |
|ap_idle    | out |    1| ap_ctrl_hs |   distFloat  | return value |
|ap_ready   | out |    1| ap_ctrl_hs |   distFloat  | return value |
|ap_return  | out |   64| ap_ctrl_hs |   distFloat  | return value |
|x1         |  in |   32|   ap_none  |      x1      |    scalar    |
|y1         |  in |   32|   ap_none  |      y1      |    scalar    |
|x2         |  in |   32|   ap_none  |      x2      |    scalar    |
|y2         |  in |   32|   ap_none  |      y2      |    scalar    |
+-----------+-----+-----+------------+--------------+--------------+

