

================================================================
== Vivado HLS Report for 'distDouble'
================================================================
* Date:           Tue May 19 10:59:58 2020

* Version:        2019.2 (Build 2704478 on Wed Nov 06 22:10:23 MST 2019)
* Project:        Math
* Solution:       solution1
* Product family: virtex7
* Target device:  xc7vx485t-ffg1157-1


================================================================
== Performance Estimates
================================================================
+ Timing: 
    * Summary: 
    +--------+----------+----------+------------+
    |  Clock |  Target  | Estimated| Uncertainty|
    +--------+----------+----------+------------+
    |ap_clk  | 10.00 ns | 8.750 ns |   1.25 ns  |
    +--------+----------+----------+------------+

+ Latency: 
    * Summary: 
    +---------+---------+----------+----------+-----+-----+---------+
    |  Latency (cycles) |  Latency (absolute) |  Interval | Pipeline|
    |   min   |   max   |    min   |    max   | min | max |   Type  |
    +---------+---------+----------+----------+-----+-----+---------+
    |       68|       68| 0.680 us | 0.680 us |   68|   68|   none  |
    +---------+---------+----------+----------+-----+-----+---------+

    + Detail: 
        * Instance: 
        +--------------------------------+----------------------+---------+---------+----------+----------+-----+-----+----------+
        |                                |                      |  Latency (cycles) |  Latency (absolute) |  Interval | Pipeline |
        |            Instance            |        Module        |   min   |   max   |    min   |    max   | min | max |   Type   |
        +--------------------------------+----------------------+---------+---------+----------+----------+-----+-----+----------+
        |grp_pow_generic_double_s_fu_70  |pow_generic_double_s  |       37|       37| 0.370 us | 0.370 us |    1|    1| function |
        |grp_pow_generic_double_s_fu_99  |pow_generic_double_s  |       37|       37| 0.370 us | 0.370 us |    1|    1| function |
        +--------------------------------+----------------------+---------+---------+----------+----------+-----+-----+----------+

        * Loop: 
        N/A



================================================================
== Utilization Estimates
================================================================
* Summary: 
+-----------------+---------+-------+--------+--------+-----+
|       Name      | BRAM_18K| DSP48E|   FF   |   LUT  | URAM|
+-----------------+---------+-------+--------+--------+-----+
|DSP              |        -|      -|       -|       -|    -|
|Expression       |        -|      -|       -|       -|    -|
|FIFO             |        -|      -|       -|       -|    -|
|Instance         |       96|    146|   25681|   17707|    -|
|Memory           |        -|      -|       -|       -|    -|
|Multiplexer      |        -|      -|       -|     358|    -|
|Register         |        -|      -|     327|       -|    -|
+-----------------+---------+-------+--------+--------+-----+
|Total            |       96|    146|   26008|   18065|    0|
+-----------------+---------+-------+--------+--------+-----+
|Available        |     2060|   2800|  607200|  303600|    0|
+-----------------+---------+-------+--------+--------+-----+
|Utilization (%)  |        4|      5|       4|       5|    0|
+-----------------+---------+-------+--------+--------+-----+

+ Detail: 
    * Instance: 
    +--------------------------------+----------------------+---------+-------+-------+------+-----+
    |            Instance            |        Module        | BRAM_18K| DSP48E|   FF  |  LUT | URAM|
    +--------------------------------+----------------------+---------+-------+-------+------+-----+
    |distDouble_dadddsyd2_U36        |distDouble_dadddsyd2  |        0|      3|    445|   781|    0|
    |distDouble_dsqrt_Aem_U38        |distDouble_dsqrt_Aem  |        0|      0|   1303|  1919|    0|
    |distDouble_dsub_6zec_U37        |distDouble_dsub_6zec  |        0|      3|    445|   781|    0|
    |grp_pow_generic_double_s_fu_70  |pow_generic_double_s  |       48|     70|  11744|  7113|    0|
    |grp_pow_generic_double_s_fu_99  |pow_generic_double_s  |       48|     70|  11744|  7113|    0|
    +--------------------------------+----------------------+---------+-------+-------+------+-----+
    |Total                           |                      |       96|    146|  25681| 17707|    0|
    +--------------------------------+----------------------+---------+-------+-------+------+-----+

    * DSP48E: 
    N/A

    * Memory: 
    N/A

    * FIFO: 
    N/A

    * Expression: 
    N/A

    * Multiplexer: 
    +-------------------+-----+-----------+-----+-----------+
    |        Name       | LUT | Input Size| Bits| Total Bits|
    +-------------------+-----+-----------+-----+-----------+
    |ap_NS_fsm          |  313|         70|    1|         70|
    |grp_fu_128_opcode  |   15|          3|    2|          6|
    |grp_fu_128_p0      |   15|          3|   64|        192|
    |grp_fu_128_p1      |   15|          3|   64|        192|
    +-------------------+-----+-----------+-----+-----------+
    |Total              |  358|         79|  131|        460|
    +-------------------+-----+-----------+-----+-----------+

    * Register: 
    +---------------------------------------------+----+----+-----+-----------+
    |                     Name                    | FF | LUT| Bits| Const Bits|
    +---------------------------------------------+----+----+-----+-----------+
    |ap_CS_fsm                                    |  69|   0|   69|          0|
    |grp_pow_generic_double_s_fu_70_ap_start_reg  |   1|   0|    1|          0|
    |grp_pow_generic_double_s_fu_99_ap_start_reg  |   1|   0|    1|          0|
    |reg_145                                      |  64|   0|   64|          0|
    |tmp_i1_reg_181                               |  64|   0|   64|          0|
    |tmp_i_reg_176                                |  64|   0|   64|          0|
    |x_assign_1_reg_171                           |  64|   0|   64|          0|
    +---------------------------------------------+----+----+-----+-----------+
    |Total                                        | 327|   0|  327|          0|
    +---------------------------------------------+----+----+-----+-----------+



================================================================
== Interface
================================================================
* Summary: 
+-----------+-----+-----+------------+--------------+--------------+
| RTL Ports | Dir | Bits|  Protocol  | Source Object|    C Type    |
+-----------+-----+-----+------------+--------------+--------------+
|ap_clk     |  in |    1| ap_ctrl_hs |  distDouble  | return value |
|ap_rst     |  in |    1| ap_ctrl_hs |  distDouble  | return value |
|ap_start   |  in |    1| ap_ctrl_hs |  distDouble  | return value |
|ap_done    | out |    1| ap_ctrl_hs |  distDouble  | return value |
|ap_idle    | out |    1| ap_ctrl_hs |  distDouble  | return value |
|ap_ready   | out |    1| ap_ctrl_hs |  distDouble  | return value |
|ap_return  | out |   64| ap_ctrl_hs |  distDouble  | return value |
|x1         |  in |   64|   ap_none  |      x1      |    scalar    |
|y1         |  in |   64|   ap_none  |      y1      |    scalar    |
|x2         |  in |   64|   ap_none  |      x2      |    scalar    |
|y2         |  in |   64|   ap_none  |      y2      |    scalar    |
+-----------+-----+-----+------------+--------------+--------------+

