

================================================================
== Vivado HLS Report for 'find'
================================================================
* Date:           Mon May 18 16:41:03 2020

* Version:        2019.2 (Build 2704478 on Wed Nov 06 22:10:23 MST 2019)
* Project:        Find
* Solution:       solution1
* Product family: virtex7
* Target device:  xc7vx485t-ffg1157-1


================================================================
== Performance Estimates
================================================================
+ Timing: 
    * Summary: 
    +--------+----------+----------+------------+
    |  Clock |  Target  | Estimated| Uncertainty|
    +--------+----------+----------+------------+
    |ap_clk  | 10.00 ns | 6.985 ns |   1.25 ns  |
    +--------+----------+----------+------------+

+ Latency: 
    * Summary: 
    +---------+---------+----------+----------+-----+-----+---------+
    |  Latency (cycles) |  Latency (absolute) |  Interval | Pipeline|
    |   min   |   max   |    min   |    max   | min | max |   Type  |
    +---------+---------+----------+----------+-----+-----+---------+
    |       11|       11| 0.110 us | 0.110 us |   11|   11|   none  |
    +---------+---------+----------+----------+-----+-----+---------+

    + Detail: 
        * Instance: 
        N/A

        * Loop: 
        +----------+---------+---------+----------+-----------+-----------+------+----------+
        |          |  Latency (cycles) | Iteration|  Initiation Interval  | Trip |          |
        | Loop Name|   min   |   max   |  Latency |  achieved |   target  | Count| Pipelined|
        +----------+---------+---------+----------+-----------+-----------+------+----------+
        |- Loop 1  |       10|       10|         1|          -|          -|    10|    no    |
        +----------+---------+---------+----------+-----------+-----------+------+----------+



================================================================
== Utilization Estimates
================================================================
* Summary: 
+-----------------+---------+-------+--------+--------+-----+
|       Name      | BRAM_18K| DSP48E|   FF   |   LUT  | URAM|
+-----------------+---------+-------+--------+--------+-----+
|DSP              |        -|      -|       -|       -|    -|
|Expression       |        -|      -|       0|      35|    -|
|FIFO             |        -|      -|       -|       -|    -|
|Instance         |        -|      -|       -|       -|    -|
|Memory           |        -|      -|       -|       -|    -|
|Multiplexer      |        -|      -|       -|      42|    -|
|Register         |        -|      -|       6|       -|    -|
+-----------------+---------+-------+--------+--------+-----+
|Total            |        0|      0|       6|      77|    0|
+-----------------+---------+-------+--------+--------+-----+
|Available        |     2060|   2800|  607200|  303600|    0|
+-----------------+---------+-------+--------+--------+-----+
|Utilization (%)  |        0|      0|   ~0   |   ~0   |    0|
+-----------------+---------+-------+--------+--------+-----+

+ Detail: 
    * Instance: 
    N/A

    * DSP48E: 
    N/A

    * Memory: 
    N/A

    * FIFO: 
    N/A

    * Expression: 
    +-------------------+----------+-------+---+----+------------+------------+
    |   Variable Name   | Operation| DSP48E| FF| LUT| Bitwidth P0| Bitwidth P1|
    +-------------------+----------+-------+---+----+------------+------------+
    |idx_fu_72_p2       |     +    |      0|  0|  13|           4|           1|
    |icmp_ln6_fu_66_p2  |   icmp   |      0|  0|   9|           4|           4|
    |icmp_ln8_fu_78_p2  |   icmp   |      0|  0|  11|           8|           8|
    |ap_block_state2    |    or    |      0|  0|   2|           1|           1|
    +-------------------+----------+-------+---+----+------------+------------+
    |Total              |          |      0|  0|  35|          17|          14|
    +-------------------+----------+-------+---+----+------------+------------+

    * Multiplexer: 
    +---------------+----+-----------+-----+-----------+
    |      Name     | LUT| Input Size| Bits| Total Bits|
    +---------------+----+-----------+-----+-----------+
    |ap_NS_fsm      |  15|          3|    1|          3|
    |idx_0_reg_55   |   9|          2|    4|          8|
    |in_vec_blk_n   |   9|          2|    1|          2|
    |out_vec_blk_n  |   9|          2|    1|          2|
    +---------------+----+-----------+-----+-----------+
    |Total          |  42|          9|    7|         15|
    +---------------+----+-----------+-----+-----------+

    * Register: 
    +--------------+---+----+-----+-----------+
    |     Name     | FF| LUT| Bits| Const Bits|
    +--------------+---+----+-----+-----------+
    |ap_CS_fsm     |  2|   0|    2|          0|
    |idx_0_reg_55  |  4|   0|    4|          0|
    +--------------+---+----+-----+-----------+
    |Total         |  6|   0|    6|          0|
    +--------------+---+----+-----+-----------+



================================================================
== Interface
================================================================
* Summary: 
+----------------+-----+-----+------------+--------------+--------------+
|    RTL Ports   | Dir | Bits|  Protocol  | Source Object|    C Type    |
+----------------+-----+-----+------------+--------------+--------------+
|ap_clk          |  in |    1| ap_ctrl_hs |     find     | return value |
|ap_rst          |  in |    1| ap_ctrl_hs |     find     | return value |
|ap_start        |  in |    1| ap_ctrl_hs |     find     | return value |
|ap_done         | out |    1| ap_ctrl_hs |     find     | return value |
|ap_idle         | out |    1| ap_ctrl_hs |     find     | return value |
|ap_ready        | out |    1| ap_ctrl_hs |     find     | return value |
|val_r           |  in |    8|   ap_none  |     val_r    |    scalar    |
|in_vec_dout     |  in |    8|   ap_fifo  |    in_vec    |    pointer   |
|in_vec_empty_n  |  in |    1|   ap_fifo  |    in_vec    |    pointer   |
|in_vec_read     | out |    1|   ap_fifo  |    in_vec    |    pointer   |
|out_vec_din     | out |    8|   ap_fifo  |    out_vec   |    pointer   |
|out_vec_full_n  |  in |    1|   ap_fifo  |    out_vec   |    pointer   |
|out_vec_write   | out |    1|   ap_fifo  |    out_vec   |    pointer   |
+----------------+-----+-----+------------+--------------+--------------+

